// Jest Snapshot v1, https://goo.gl/fbAQLP

exports[`Pruebas sobre el hookApp Debe hacer snapshoot 1`] = `
<div>
  <h1>
    Hola Mundo
  </h1>
</div>
`;
