// Jest Snapshot v1, https://goo.gl/fbAQLP

exports[`Pruebnas en HomeScreen Debe de mostrar el componete 1`] = `
<div>
  <h1>
     Home Screen
  </h1>
  <hr />
  <pre>
    {
   "name": "Gerardo",
   "email": "gera@gmail.com"
}
  </pre>
</div>
`;
