// Jest Snapshot v1, https://goo.gl/fbAQLP

exports[`Pruebas sobre el componetnte <LoginScreen/> DEBE DE MOSTRARSE CORRECTAMENTE  1`] = `
<div>
  <h1>
     Login Screen
  </h1>
  <hr />
  <button
    className="btn btn-primary"
    onClick={[Function]}
  >
    Login
  </button>
</div>
`;
